using cuda device
dataset:Finance
model:resnet
loss is CrossEntropyLoss()
optimizer is Adam (
Parameter Group 0
    amsgrad: False
    betas: (0.9, 0.999)
    capturable: False
    differentiable: False
    eps: 1e-08
    foreach: None
    fused: None
    lr: 0.0003
    maximize: False
    weight_decay: 0.0001
)
Epoch [0][60]	 Batch [0][332]	 Training Loss 0.6817	 Accuracy 0.5703	 Time(Iter) 0.7806
Epoch [0][60]	 Batch [100][332]	 Training Loss 0.7501	 Accuracy 0.5078	 Time(Iter) 0.1181
Epoch [0][60]	 Batch [200][332]	 Training Loss 0.7543	 Accuracy 0.5042	 Time(Iter) 0.1198
Epoch [0][60]	 Batch [300][332]	 Training Loss 0.7534	 Accuracy 0.5043	 Time(Iter) 0.1221
Epoch [0]	 Average training loss 0.7537	 Average training accuracy 0.5034
Epoch [0]	 Average validation loss 0.7332	 Average validation accuracy 0.4778
Epoch [1][60]	 Batch [0][332]	 Training Loss 0.7968	 Accuracy 0.4375	 Time(Iter) 0.1175
Epoch [1][60]	 Batch [100][332]	 Training Loss 0.7453	 Accuracy 0.5109	 Time(Iter) 0.1207
Epoch [1][60]	 Batch [200][332]	 Training Loss 0.7493	 Accuracy 0.5082	 Time(Iter) 0.1195
Epoch [1][60]	 Batch [300][332]	 Training Loss 0.7505	 Accuracy 0.5062	 Time(Iter) 0.1194
Epoch [1]	 Average training loss 0.7505	 Average training accuracy 0.5056
Epoch [1]	 Average validation loss 0.7045	 Average validation accuracy 0.4906
Epoch [2][60]	 Batch [0][332]	 Training Loss 0.7312	 Accuracy 0.5391	 Time(Iter) 0.1297
Epoch [2][60]	 Batch [100][332]	 Training Loss 0.7466	 Accuracy 0.5084	 Time(Iter) 0.1250
Epoch [2][60]	 Batch [200][332]	 Training Loss 0.7467	 Accuracy 0.5062	 Time(Iter) 0.1190
Epoch [2][60]	 Batch [300][332]	 Training Loss 0.7452	 Accuracy 0.5061	 Time(Iter) 0.1195
Epoch [2]	 Average training loss 0.7454	 Average training accuracy 0.5044
Epoch [2]	 Average validation loss 0.7149	 Average validation accuracy 0.4786
Epoch [3][60]	 Batch [0][332]	 Training Loss 0.7796	 Accuracy 0.4844	 Time(Iter) 0.1254
Epoch [3][60]	 Batch [100][332]	 Training Loss 0.7399	 Accuracy 0.5120	 Time(Iter) 0.1242
Epoch [3][60]	 Batch [200][332]	 Training Loss 0.7378	 Accuracy 0.5081	 Time(Iter) 0.1226
Epoch [3][60]	 Batch [300][332]	 Training Loss 0.7353	 Accuracy 0.5073	 Time(Iter) 0.1253
Epoch [3]	 Average training loss 0.7350	 Average training accuracy 0.5067
Epoch [3]	 Average validation loss 0.6942	 Average validation accuracy 0.5240
Epoch [4][60]	 Batch [0][332]	 Training Loss 0.7322	 Accuracy 0.4766	 Time(Iter) 0.1260
Epoch [4][60]	 Batch [100][332]	 Training Loss 0.7265	 Accuracy 0.5052	 Time(Iter) 0.1228
Epoch [4][60]	 Batch [200][332]	 Training Loss 0.7241	 Accuracy 0.5089	 Time(Iter) 0.1201
Epoch [4][60]	 Batch [300][332]	 Training Loss 0.7241	 Accuracy 0.5079	 Time(Iter) 0.1192
Epoch [4]	 Average training loss 0.7240	 Average training accuracy 0.5072
Epoch [4]	 Average validation loss 0.6941	 Average validation accuracy 0.4954
Testing...
0: The batch accuracy is 0.546875.
Epoch [5][60]	 Batch [0][332]	 Training Loss 0.6995	 Accuracy 0.5469	 Time(Iter) 0.1206
Epoch [5][60]	 Batch [100][332]	 Training Loss 0.7219	 Accuracy 0.4920	 Time(Iter) 0.1199
Epoch [5][60]	 Batch [200][332]	 Training Loss 0.7197	 Accuracy 0.4993	 Time(Iter) 0.1197
Epoch [5][60]	 Batch [300][332]	 Training Loss 0.7183	 Accuracy 0.5013	 Time(Iter) 0.1186
Epoch [5]	 Average training loss 0.7177	 Average training accuracy 0.5024
Epoch [5]	 Average validation loss 0.6949	 Average validation accuracy 0.5045
Epoch [6][60]	 Batch [0][332]	 Training Loss 0.7104	 Accuracy 0.5000	 Time(Iter) 0.1180
Epoch [6][60]	 Batch [100][332]	 Training Loss 0.7131	 Accuracy 0.5067	 Time(Iter) 0.1187
Epoch [6][60]	 Batch [200][332]	 Training Loss 0.7145	 Accuracy 0.5037	 Time(Iter) 0.1309
Epoch [6][60]	 Batch [300][332]	 Training Loss 0.7145	 Accuracy 0.5025	 Time(Iter) 0.1175
Epoch [6]	 Average training loss 0.7144	 Average training accuracy 0.5026
Epoch [6]	 Average validation loss 0.6966	 Average validation accuracy 0.5075
Epoch [7][60]	 Batch [0][332]	 Training Loss 0.7601	 Accuracy 0.4609	 Time(Iter) 0.1218
Epoch [7][60]	 Batch [100][332]	 Training Loss 0.7116	 Accuracy 0.5038	 Time(Iter) 0.1207
Epoch [7][60]	 Batch [200][332]	 Training Loss 0.7113	 Accuracy 0.5016	 Time(Iter) 0.1142
Epoch [7][60]	 Batch [300][332]	 Training Loss 0.7112	 Accuracy 0.5009	 Time(Iter) 0.1173
Epoch [7]	 Average training loss 0.7106	 Average training accuracy 0.5008
Epoch [7]	 Average validation loss 0.6973	 Average validation accuracy 0.4857
Epoch [8][60]	 Batch [0][332]	 Training Loss 0.6977	 Accuracy 0.4766	 Time(Iter) 0.1158
Epoch [8][60]	 Batch [100][332]	 Training Loss 0.7105	 Accuracy 0.4980	 Time(Iter) 0.1212
Epoch [8][60]	 Batch [200][332]	 Training Loss 0.7079	 Accuracy 0.5056	 Time(Iter) 0.1208
Epoch [8][60]	 Batch [300][332]	 Training Loss 0.7081	 Accuracy 0.5057	 Time(Iter) 0.1126
Epoch [8]	 Average training loss 0.7080	 Average training accuracy 0.5052
Epoch [8]	 Average validation loss 0.6938	 Average validation accuracy 0.4956
Epoch [9][60]	 Batch [0][332]	 Training Loss 0.6733	 Accuracy 0.5781	 Time(Iter) 0.1169
Epoch [9][60]	 Batch [100][332]	 Training Loss 0.7076	 Accuracy 0.5027	 Time(Iter) 0.1203
Epoch [9][60]	 Batch [200][332]	 Training Loss 0.7072	 Accuracy 0.5026	 Time(Iter) 0.1292
Epoch [9][60]	 Batch [300][332]	 Training Loss 0.7065	 Accuracy 0.5068	 Time(Iter) 0.1182
Epoch [9]	 Average training loss 0.7066	 Average training accuracy 0.5068
Epoch [9]	 Average validation loss 0.6940	 Average validation accuracy 0.4877
Testing...
0: The batch accuracy is 0.4765625.
Epoch [10][60]	 Batch [0][332]	 Training Loss 0.7090	 Accuracy 0.4766	 Time(Iter) 0.1184
Epoch [10][60]	 Batch [100][332]	 Training Loss 0.7072	 Accuracy 0.5047	 Time(Iter) 0.1199
Epoch [10][60]	 Batch [200][332]	 Training Loss 0.7071	 Accuracy 0.5012	 Time(Iter) 0.1286
Epoch [10][60]	 Batch [300][332]	 Training Loss 0.7066	 Accuracy 0.5032	 Time(Iter) 0.1185
Epoch [10]	 Average training loss 0.7065	 Average training accuracy 0.5042
Epoch [10]	 Average validation loss 0.6920	 Average validation accuracy 0.5212
Epoch [11][60]	 Batch [0][332]	 Training Loss 0.6956	 Accuracy 0.5312	 Time(Iter) 0.1188
Epoch [11][60]	 Batch [100][332]	 Training Loss 0.7045	 Accuracy 0.5063	 Time(Iter) 0.1179
Epoch [11][60]	 Batch [200][332]	 Training Loss 0.7051	 Accuracy 0.5080	 Time(Iter) 0.1177
Epoch [11][60]	 Batch [300][332]	 Training Loss 0.7047	 Accuracy 0.5056	 Time(Iter) 0.1216
Epoch [11]	 Average training loss 0.7047	 Average training accuracy 0.5060
Epoch [11]	 Average validation loss 0.6932	 Average validation accuracy 0.5214
Epoch [12][60]	 Batch [0][332]	 Training Loss 0.7083	 Accuracy 0.4844	 Time(Iter) 0.1119
Epoch [12][60]	 Batch [100][332]	 Training Loss 0.7049	 Accuracy 0.5069	 Time(Iter) 0.1205
Epoch [12][60]	 Batch [200][332]	 Training Loss 0.7034	 Accuracy 0.5080	 Time(Iter) 0.1290
Epoch [12][60]	 Batch [300][332]	 Training Loss 0.7032	 Accuracy 0.5089	 Time(Iter) 0.1192
Epoch [12]	 Average training loss 0.7035	 Average training accuracy 0.5064
Epoch [12]	 Average validation loss 0.6928	 Average validation accuracy 0.5147
Epoch [13][60]	 Batch [0][332]	 Training Loss 0.6972	 Accuracy 0.5625	 Time(Iter) 0.1252
Epoch [13][60]	 Batch [100][332]	 Training Loss 0.7029	 Accuracy 0.5073	 Time(Iter) 0.1259
Epoch [13][60]	 Batch [200][332]	 Training Loss 0.7022	 Accuracy 0.5091	 Time(Iter) 0.1204
Epoch [13][60]	 Batch [300][332]	 Training Loss 0.7023	 Accuracy 0.5094	 Time(Iter) 0.1172
Epoch [13]	 Average training loss 0.7023	 Average training accuracy 0.5091
Epoch [13]	 Average validation loss 0.6933	 Average validation accuracy 0.4954
Epoch [14][60]	 Batch [0][332]	 Training Loss 0.7480	 Accuracy 0.3750	 Time(Iter) 0.1170
Epoch [14][60]	 Batch [100][332]	 Training Loss 0.7020	 Accuracy 0.5026	 Time(Iter) 0.1185
Epoch [14][60]	 Batch [200][332]	 Training Loss 0.7015	 Accuracy 0.5038	 Time(Iter) 0.1201
Epoch [14][60]	 Batch [300][332]	 Training Loss 0.7008	 Accuracy 0.5081	 Time(Iter) 0.1134
Epoch [14]	 Average training loss 0.7007	 Average training accuracy 0.5083
Epoch [14]	 Average validation loss 0.6945	 Average validation accuracy 0.4786
Testing...
0: The batch accuracy is 0.4140625.
Epoch [15][60]	 Batch [0][332]	 Training Loss 0.7088	 Accuracy 0.4453	 Time(Iter) 0.1194
Epoch [15][60]	 Batch [100][332]	 Training Loss 0.7016	 Accuracy 0.5115	 Time(Iter) 0.1161
Epoch [15][60]	 Batch [200][332]	 Training Loss 0.7012	 Accuracy 0.5125	 Time(Iter) 0.1325
Epoch [15][60]	 Batch [300][332]	 Training Loss 0.7020	 Accuracy 0.5085	 Time(Iter) 0.1185
Epoch [15]	 Average training loss 0.7019	 Average training accuracy 0.5084
Epoch [15]	 Average validation loss 0.6949	 Average validation accuracy 0.4869
Epoch [16][60]	 Batch [0][332]	 Training Loss 0.6765	 Accuracy 0.5156	 Time(Iter) 0.1179
Epoch [16][60]	 Batch [100][332]	 Training Loss 0.7023	 Accuracy 0.5020	 Time(Iter) 0.1202
Epoch [16][60]	 Batch [200][332]	 Training Loss 0.7020	 Accuracy 0.5063	 Time(Iter) 0.1189
Epoch [16][60]	 Batch [300][332]	 Training Loss 0.7017	 Accuracy 0.5072	 Time(Iter) 0.1293
Epoch [16]	 Average training loss 0.7017	 Average training accuracy 0.5067
Epoch [16]	 Average validation loss 0.6934	 Average validation accuracy 0.5013
Epoch [17][60]	 Batch [0][332]	 Training Loss 0.6952	 Accuracy 0.5234	 Time(Iter) 0.1243
Epoch [17][60]	 Batch [100][332]	 Training Loss 0.6999	 Accuracy 0.5056	 Time(Iter) 0.1210
Epoch [17][60]	 Batch [200][332]	 Training Loss 0.6991	 Accuracy 0.5103	 Time(Iter) 0.1184
Epoch [17][60]	 Batch [300][332]	 Training Loss 0.6987	 Accuracy 0.5103	 Time(Iter) 0.1168
Epoch [17]	 Average training loss 0.6984	 Average training accuracy 0.5107
Epoch [17]	 Average validation loss 0.6936	 Average validation accuracy 0.4934
Epoch [18][60]	 Batch [0][332]	 Training Loss 0.6996	 Accuracy 0.4531	 Time(Iter) 0.1193
Epoch [18][60]	 Batch [100][332]	 Training Loss 0.6962	 Accuracy 0.5136	 Time(Iter) 0.1228
Epoch [18][60]	 Batch [200][332]	 Training Loss 0.6958	 Accuracy 0.5130	 Time(Iter) 0.1197
Epoch [18][60]	 Batch [300][332]	 Training Loss 0.6954	 Accuracy 0.5120	 Time(Iter) 0.1116
Epoch [18]	 Average training loss 0.6955	 Average training accuracy 0.5109
Epoch [18]	 Average validation loss 0.6932	 Average validation accuracy 0.5069
Epoch [19][60]	 Batch [0][332]	 Training Loss 0.6927	 Accuracy 0.5312	 Time(Iter) 0.1174
Epoch [19][60]	 Batch [100][332]	 Training Loss 0.6945	 Accuracy 0.5108	 Time(Iter) 0.1178
Epoch [19][60]	 Batch [200][332]	 Training Loss 0.6939	 Accuracy 0.5133	 Time(Iter) 0.1320
Epoch [19][60]	 Batch [300][332]	 Training Loss 0.6939	 Accuracy 0.5130	 Time(Iter) 0.1361
Epoch [19]	 Average training loss 0.6938	 Average training accuracy 0.5121
Epoch [19]	 Average validation loss 0.6927	 Average validation accuracy 0.5212
Testing...
0: The batch accuracy is 0.640625.
Epoch [20][60]	 Batch [0][332]	 Training Loss 0.6896	 Accuracy 0.5234	 Time(Iter) 0.1233
Epoch [20][60]	 Batch [100][332]	 Training Loss 0.6936	 Accuracy 0.5138	 Time(Iter) 0.1158
Epoch [20][60]	 Batch [200][332]	 Training Loss 0.6935	 Accuracy 0.5152	 Time(Iter) 0.1255
Epoch [20][60]	 Batch [300][332]	 Training Loss 0.6936	 Accuracy 0.5150	 Time(Iter) 0.1230
Epoch [20]	 Average training loss 0.6937	 Average training accuracy 0.5142
Epoch [20]	 Average validation loss 0.6929	 Average validation accuracy 0.5117
Epoch [21][60]	 Batch [0][332]	 Training Loss 0.6904	 Accuracy 0.5781	 Time(Iter) 0.1150
Epoch [21][60]	 Batch [100][332]	 Training Loss 0.6939	 Accuracy 0.5134	 Time(Iter) 0.1156
Epoch [21][60]	 Batch [200][332]	 Training Loss 0.6938	 Accuracy 0.5074	 Time(Iter) 0.1161
Epoch [21][60]	 Batch [300][332]	 Training Loss 0.6936	 Accuracy 0.5093	 Time(Iter) 0.1185
Epoch [21]	 Average training loss 0.6934	 Average training accuracy 0.5108
Epoch [21]	 Average validation loss 0.6930	 Average validation accuracy 0.5192
Epoch [22][60]	 Batch [0][332]	 Training Loss 0.6905	 Accuracy 0.5391	 Time(Iter) 0.1223
Epoch [22][60]	 Batch [100][332]	 Training Loss 0.6932	 Accuracy 0.5150	 Time(Iter) 0.1197
Epoch [22][60]	 Batch [200][332]	 Training Loss 0.6933	 Accuracy 0.5129	 Time(Iter) 0.1351
Epoch [22][60]	 Batch [300][332]	 Training Loss 0.6933	 Accuracy 0.5130	 Time(Iter) 0.1167
Epoch [22]	 Average training loss 0.6933	 Average training accuracy 0.5127
Epoch [22]	 Average validation loss 0.6948	 Average validation accuracy 0.5012
Epoch [23][60]	 Batch [0][332]	 Training Loss 0.6934	 Accuracy 0.5312	 Time(Iter) 0.1220
Epoch [23][60]	 Batch [100][332]	 Training Loss 0.6936	 Accuracy 0.5095	 Time(Iter) 0.1198
Epoch [23][60]	 Batch [200][332]	 Training Loss 0.6933	 Accuracy 0.5105	 Time(Iter) 0.1210
Epoch [23][60]	 Batch [300][332]	 Training Loss 0.6930	 Accuracy 0.5123	 Time(Iter) 0.1386
Epoch [23]	 Average training loss 0.6930	 Average training accuracy 0.5129
Epoch [23]	 Average validation loss 0.6925	 Average validation accuracy 0.5251
Epoch [24][60]	 Batch [0][332]	 Training Loss 0.6930	 Accuracy 0.5000	 Time(Iter) 0.1182
Epoch [24][60]	 Batch [100][332]	 Training Loss 0.6933	 Accuracy 0.5135	 Time(Iter) 0.1196
Epoch [24][60]	 Batch [200][332]	 Training Loss 0.6930	 Accuracy 0.5155	 Time(Iter) 0.1188
Epoch [24][60]	 Batch [300][332]	 Training Loss 0.6930	 Accuracy 0.5143	 Time(Iter) 0.1166
Epoch [24]	 Average training loss 0.6930	 Average training accuracy 0.5158
Epoch [24]	 Average validation loss 0.6926	 Average validation accuracy 0.5274
Testing...
0: The batch accuracy is 0.484375.
Epoch [25][60]	 Batch [0][332]	 Training Loss 0.6970	 Accuracy 0.5000	 Time(Iter) 0.1193
Epoch [25][60]	 Batch [100][332]	 Training Loss 0.6929	 Accuracy 0.5125	 Time(Iter) 0.1191
Epoch [25][60]	 Batch [200][332]	 Training Loss 0.6930	 Accuracy 0.5143	 Time(Iter) 0.1185
Epoch [25][60]	 Batch [300][332]	 Training Loss 0.6928	 Accuracy 0.5141	 Time(Iter) 0.1174
Epoch [25]	 Average training loss 0.6928	 Average training accuracy 0.5136
Epoch [25]	 Average validation loss 0.6935	 Average validation accuracy 0.5173
Epoch [26][60]	 Batch [0][332]	 Training Loss 0.6936	 Accuracy 0.4844	 Time(Iter) 0.1289
Epoch [26][60]	 Batch [100][332]	 Training Loss 0.6927	 Accuracy 0.5185	 Time(Iter) 0.1196
Epoch [26][60]	 Batch [200][332]	 Training Loss 0.6928	 Accuracy 0.5150	 Time(Iter) 0.1248
Epoch [26][60]	 Batch [300][332]	 Training Loss 0.6928	 Accuracy 0.5140	 Time(Iter) 0.1210
Epoch [26]	 Average training loss 0.6929	 Average training accuracy 0.5134
Epoch [26]	 Average validation loss 0.6929	 Average validation accuracy 0.5245
Epoch [27][60]	 Batch [0][332]	 Training Loss 0.6856	 Accuracy 0.5469	 Time(Iter) 0.1172
Epoch [27][60]	 Batch [100][332]	 Training Loss 0.6926	 Accuracy 0.5179	 Time(Iter) 0.1156
Epoch [27][60]	 Batch [200][332]	 Training Loss 0.6928	 Accuracy 0.5162	 Time(Iter) 0.1198
Epoch [27][60]	 Batch [300][332]	 Training Loss 0.6927	 Accuracy 0.5179	 Time(Iter) 0.1256
Epoch [27]	 Average training loss 0.6927	 Average training accuracy 0.5175
Epoch [27]	 Average validation loss 0.6931	 Average validation accuracy 0.5154
Epoch [28][60]	 Batch [0][332]	 Training Loss 0.6974	 Accuracy 0.4844	 Time(Iter) 0.1194
Epoch [28][60]	 Batch [100][332]	 Training Loss 0.6930	 Accuracy 0.5195	 Time(Iter) 0.1258
Epoch [28][60]	 Batch [200][332]	 Training Loss 0.6930	 Accuracy 0.5152	 Time(Iter) 0.1214
Epoch [28][60]	 Batch [300][332]	 Training Loss 0.6929	 Accuracy 0.5172	 Time(Iter) 0.1107
Epoch [28]	 Average training loss 0.6928	 Average training accuracy 0.5176
Epoch [28]	 Average validation loss 0.7034	 Average validation accuracy 0.4971
Epoch [29][60]	 Batch [0][332]	 Training Loss 0.6850	 Accuracy 0.6172	 Time(Iter) 0.1284
Epoch [29][60]	 Batch [100][332]	 Training Loss 0.6929	 Accuracy 0.5178	 Time(Iter) 0.1183
Epoch [29][60]	 Batch [200][332]	 Training Loss 0.6927	 Accuracy 0.5166	 Time(Iter) 0.1305
Epoch [29][60]	 Batch [300][332]	 Training Loss 0.6928	 Accuracy 0.5154	 Time(Iter) 0.1220
Epoch [29]	 Average training loss 0.6927	 Average training accuracy 0.5161
Epoch [29]	 Average validation loss 0.6932	 Average validation accuracy 0.5139
Testing...
0: The batch accuracy is 0.5078125.
Epoch [30][60]	 Batch [0][332]	 Training Loss 0.7060	 Accuracy 0.4297	 Time(Iter) 0.1196
Epoch [30][60]	 Batch [100][332]	 Training Loss 0.6931	 Accuracy 0.5178	 Time(Iter) 0.1217
Epoch [30][60]	 Batch [200][332]	 Training Loss 0.6930	 Accuracy 0.5174	 Time(Iter) 0.1210
Epoch [30][60]	 Batch [300][332]	 Training Loss 0.6928	 Accuracy 0.5192	 Time(Iter) 0.1282
Epoch [30]	 Average training loss 0.6928	 Average training accuracy 0.5182
Epoch [30]	 Average validation loss 0.6967	 Average validation accuracy 0.4825
Epoch [31][60]	 Batch [0][332]	 Training Loss 0.6938	 Accuracy 0.5234	 Time(Iter) 0.1258
Epoch [31][60]	 Batch [100][332]	 Training Loss 0.6937	 Accuracy 0.5109	 Time(Iter) 0.1156
Epoch [31][60]	 Batch [200][332]	 Training Loss 0.6933	 Accuracy 0.5170	 Time(Iter) 0.1285
Epoch [31][60]	 Batch [300][332]	 Training Loss 0.6931	 Accuracy 0.5171	 Time(Iter) 0.1217
Epoch [31]	 Average training loss 0.6931	 Average training accuracy 0.5168
Epoch [31]	 Average validation loss 0.6946	 Average validation accuracy 0.5171
Epoch [32][60]	 Batch [0][332]	 Training Loss 0.6925	 Accuracy 0.4531	 Time(Iter) 0.1174
Epoch [32][60]	 Batch [100][332]	 Training Loss 0.6914	 Accuracy 0.5251	 Time(Iter) 0.1216
Epoch [32][60]	 Batch [200][332]	 Training Loss 0.6920	 Accuracy 0.5219	 Time(Iter) 0.1198
Epoch [32][60]	 Batch [300][332]	 Training Loss 0.6922	 Accuracy 0.5185	 Time(Iter) 0.1220
Epoch [32]	 Average training loss 0.6923	 Average training accuracy 0.5185
Epoch [32]	 Average validation loss 0.6943	 Average validation accuracy 0.4927
Epoch [33][60]	 Batch [0][332]	 Training Loss 0.6828	 Accuracy 0.5625	 Time(Iter) 0.1167
Epoch [33][60]	 Batch [100][332]	 Training Loss 0.6916	 Accuracy 0.5265	 Time(Iter) 0.1174
Epoch [33][60]	 Batch [200][332]	 Training Loss 0.6920	 Accuracy 0.5199	 Time(Iter) 0.1200
Epoch [33][60]	 Batch [300][332]	 Training Loss 0.6922	 Accuracy 0.5201	 Time(Iter) 0.1211
Epoch [33]	 Average training loss 0.6922	 Average training accuracy 0.5193
Epoch [33]	 Average validation loss 0.6973	 Average validation accuracy 0.5004
Epoch [34][60]	 Batch [0][332]	 Training Loss 0.7004	 Accuracy 0.4688	 Time(Iter) 0.1144
Epoch [34][60]	 Batch [100][332]	 Training Loss 0.6919	 Accuracy 0.5236	 Time(Iter) 0.1164
Epoch [34][60]	 Batch [200][332]	 Training Loss 0.6926	 Accuracy 0.5201	 Time(Iter) 0.1208
Epoch [34][60]	 Batch [300][332]	 Training Loss 0.6926	 Accuracy 0.5186	 Time(Iter) 0.1183
Epoch [34]	 Average training loss 0.6924	 Average training accuracy 0.5203
Epoch [34]	 Average validation loss 0.6946	 Average validation accuracy 0.5056
Testing...
0: The batch accuracy is 0.5625.
Epoch [35][60]	 Batch [0][332]	 Training Loss 0.6926	 Accuracy 0.5000	 Time(Iter) 0.1184
Epoch [35][60]	 Batch [100][332]	 Training Loss 0.6912	 Accuracy 0.5249	 Time(Iter) 0.1256
Epoch [35][60]	 Batch [200][332]	 Training Loss 0.6915	 Accuracy 0.5227	 Time(Iter) 0.1246
Epoch [35][60]	 Batch [300][332]	 Training Loss 0.6918	 Accuracy 0.5224	 Time(Iter) 0.1200
Epoch [35]	 Average training loss 0.6918	 Average training accuracy 0.5222
Epoch [35]	 Average validation loss 0.6942	 Average validation accuracy 0.5113
Epoch [36][60]	 Batch [0][332]	 Training Loss 0.6912	 Accuracy 0.4688	 Time(Iter) 0.1223
Epoch [36][60]	 Batch [100][332]	 Training Loss 0.6916	 Accuracy 0.5192	 Time(Iter) 0.1198
Epoch [36][60]	 Batch [200][332]	 Training Loss 0.6912	 Accuracy 0.5244	 Time(Iter) 0.1331
Epoch [36][60]	 Batch [300][332]	 Training Loss 0.6914	 Accuracy 0.5249	 Time(Iter) 0.1233
Epoch [36]	 Average training loss 0.6913	 Average training accuracy 0.5257
Epoch [36]	 Average validation loss 0.6931	 Average validation accuracy 0.5139
Epoch [37][60]	 Batch [0][332]	 Training Loss 0.6997	 Accuracy 0.5156	 Time(Iter) 0.1259
Epoch [37][60]	 Batch [100][332]	 Training Loss 0.6917	 Accuracy 0.5172	 Time(Iter) 0.1262
Epoch [37][60]	 Batch [200][332]	 Training Loss 0.6915	 Accuracy 0.5180	 Time(Iter) 0.1199
Epoch [37][60]	 Batch [300][332]	 Training Loss 0.6913	 Accuracy 0.5229	 Time(Iter) 0.1210
Epoch [37]	 Average training loss 0.6913	 Average training accuracy 0.5233
Epoch [37]	 Average validation loss 0.6965	 Average validation accuracy 0.5099
Epoch [38][60]	 Batch [0][332]	 Training Loss 0.6811	 Accuracy 0.5703	 Time(Iter) 0.1166
Epoch [38][60]	 Batch [100][332]	 Training Loss 0.6894	 Accuracy 0.5305	 Time(Iter) 0.1182
Epoch [38][60]	 Batch [200][332]	 Training Loss 0.6891	 Accuracy 0.5339	 Time(Iter) 0.1196
Epoch [38][60]	 Batch [300][332]	 Training Loss 0.6899	 Accuracy 0.5302	 Time(Iter) 0.1164
Epoch [38]	 Average training loss 0.6898	 Average training accuracy 0.5311
Epoch [38]	 Average validation loss 0.6933	 Average validation accuracy 0.5177
Epoch [39][60]	 Batch [0][332]	 Training Loss 0.6901	 Accuracy 0.5234	 Time(Iter) 0.1263
Epoch [39][60]	 Batch [100][332]	 Training Loss 0.6882	 Accuracy 0.5375	 Time(Iter) 0.1199
Epoch [39][60]	 Batch [200][332]	 Training Loss 0.6891	 Accuracy 0.5322	 Time(Iter) 0.1234
Epoch [39][60]	 Batch [300][332]	 Training Loss 0.6894	 Accuracy 0.5318	 Time(Iter) 0.1188
Epoch [39]	 Average training loss 0.6895	 Average training accuracy 0.5318
Epoch [39]	 Average validation loss 0.6946	 Average validation accuracy 0.5004
Testing...
0: The batch accuracy is 0.5703125.
Epoch [40][60]	 Batch [0][332]	 Training Loss 0.6839	 Accuracy 0.5703	 Time(Iter) 0.1184
Epoch [40][60]	 Batch [100][332]	 Training Loss 0.6880	 Accuracy 0.5354	 Time(Iter) 0.1182
Epoch [40][60]	 Batch [200][332]	 Training Loss 0.6878	 Accuracy 0.5382	 Time(Iter) 0.1208
Epoch [40][60]	 Batch [300][332]	 Training Loss 0.6879	 Accuracy 0.5368	 Time(Iter) 0.1158
Epoch [40]	 Average training loss 0.6880	 Average training accuracy 0.5355
Epoch [40]	 Average validation loss 0.6941	 Average validation accuracy 0.5070
Epoch [41][60]	 Batch [0][332]	 Training Loss 0.6676	 Accuracy 0.5703	 Time(Iter) 0.1225
Epoch [41][60]	 Batch [100][332]	 Training Loss 0.6829	 Accuracy 0.5604	 Time(Iter) 0.1171
Epoch [41][60]	 Batch [200][332]	 Training Loss 0.6854	 Accuracy 0.5505	 Time(Iter) 0.1191
Epoch [41][60]	 Batch [300][332]	 Training Loss 0.6866	 Accuracy 0.5466	 Time(Iter) 0.1151
Epoch [41]	 Average training loss 0.6864	 Average training accuracy 0.5478
Epoch [41]	 Average validation loss 0.6965	 Average validation accuracy 0.5053
Epoch [42][60]	 Batch [0][332]	 Training Loss 0.6754	 Accuracy 0.5703	 Time(Iter) 0.1166
Epoch [42][60]	 Batch [100][332]	 Training Loss 0.6820	 Accuracy 0.5537	 Time(Iter) 0.1174
Epoch [42][60]	 Batch [200][332]	 Training Loss 0.6833	 Accuracy 0.5507	 Time(Iter) 0.1170
Epoch [42][60]	 Batch [300][332]	 Training Loss 0.6836	 Accuracy 0.5511	 Time(Iter) 0.1176
Epoch [42]	 Average training loss 0.6837	 Average training accuracy 0.5512
Epoch [42]	 Average validation loss 0.6982	 Average validation accuracy 0.5031
Epoch [43][60]	 Batch [0][332]	 Training Loss 0.6834	 Accuracy 0.5000	 Time(Iter) 0.1192
Epoch [43][60]	 Batch [100][332]	 Training Loss 0.6790	 Accuracy 0.5686	 Time(Iter) 0.1176
Epoch [43][60]	 Batch [200][332]	 Training Loss 0.6804	 Accuracy 0.5646	 Time(Iter) 0.1199
Epoch [43][60]	 Batch [300][332]	 Training Loss 0.6801	 Accuracy 0.5631	 Time(Iter) 0.1170
Epoch [43]	 Average training loss 0.6800	 Average training accuracy 0.5629
Epoch [43]	 Average validation loss 0.6962	 Average validation accuracy 0.5104
Epoch [44][60]	 Batch [0][332]	 Training Loss 0.6750	 Accuracy 0.5938	 Time(Iter) 0.1165
Epoch [44][60]	 Batch [100][332]	 Training Loss 0.6709	 Accuracy 0.5836	 Time(Iter) 0.1267
Epoch [44][60]	 Batch [200][332]	 Training Loss 0.6729	 Accuracy 0.5801	 Time(Iter) 0.1199
Epoch [44][60]	 Batch [300][332]	 Training Loss 0.6746	 Accuracy 0.5763	 Time(Iter) 0.1159
Epoch [44]	 Average training loss 0.6746	 Average training accuracy 0.5759
Epoch [44]	 Average validation loss 0.7008	 Average validation accuracy 0.5057
Testing...
0: The batch accuracy is 0.4765625.
Epoch [45][60]	 Batch [0][332]	 Training Loss 0.6372	 Accuracy 0.6719	 Time(Iter) 0.1300
Epoch [45][60]	 Batch [100][332]	 Training Loss 0.6619	 Accuracy 0.6031	 Time(Iter) 0.1188
Epoch [45][60]	 Batch [200][332]	 Training Loss 0.6653	 Accuracy 0.5951	 Time(Iter) 0.1261
Epoch [45][60]	 Batch [300][332]	 Training Loss 0.6669	 Accuracy 0.5914	 Time(Iter) 0.1237
Epoch [45]	 Average training loss 0.6672	 Average training accuracy 0.5909
Epoch [45]	 Average validation loss 0.7097	 Average validation accuracy 0.4987
Epoch [46][60]	 Batch [0][332]	 Training Loss 0.6639	 Accuracy 0.5703	 Time(Iter) 0.1175
Epoch [46][60]	 Batch [100][332]	 Training Loss 0.6523	 Accuracy 0.6190	 Time(Iter) 0.1184
Epoch [46][60]	 Batch [200][332]	 Training Loss 0.6543	 Accuracy 0.6142	 Time(Iter) 0.1202
Epoch [46][60]	 Batch [300][332]	 Training Loss 0.6553	 Accuracy 0.6124	 Time(Iter) 0.1134
Epoch [46]	 Average training loss 0.6558	 Average training accuracy 0.6110
Epoch [46]	 Average validation loss 0.7029	 Average validation accuracy 0.5152
Epoch [47][60]	 Batch [0][332]	 Training Loss 0.6473	 Accuracy 0.6250	 Time(Iter) 0.1256
Epoch [47][60]	 Batch [100][332]	 Training Loss 0.6355	 Accuracy 0.6440	 Time(Iter) 0.1194
Epoch [47][60]	 Batch [200][332]	 Training Loss 0.6406	 Accuracy 0.6353	 Time(Iter) 0.1210
Epoch [47][60]	 Batch [300][332]	 Training Loss 0.6428	 Accuracy 0.6339	 Time(Iter) 0.1200
Epoch [47]	 Average training loss 0.6435	 Average training accuracy 0.6330
Epoch [47]	 Average validation loss 0.7061	 Average validation accuracy 0.5198
Epoch [48][60]	 Batch [0][332]	 Training Loss 0.6191	 Accuracy 0.6797	 Time(Iter) 0.1193
Epoch [48][60]	 Batch [100][332]	 Training Loss 0.6206	 Accuracy 0.6672	 Time(Iter) 0.1198
Epoch [48][60]	 Batch [200][332]	 Training Loss 0.6253	 Accuracy 0.6594	 Time(Iter) 0.1219
Epoch [48][60]	 Batch [300][332]	 Training Loss 0.6245	 Accuracy 0.6593	 Time(Iter) 0.1169
Epoch [48]	 Average training loss 0.6264	 Average training accuracy 0.6573
Epoch [48]	 Average validation loss 0.7165	 Average validation accuracy 0.5128
Epoch [49][60]	 Batch [0][332]	 Training Loss 0.5942	 Accuracy 0.7031	 Time(Iter) 0.1174
Epoch [49][60]	 Batch [100][332]	 Training Loss 0.5998	 Accuracy 0.6897	 Time(Iter) 0.1190
Epoch [49][60]	 Batch [200][332]	 Training Loss 0.6057	 Accuracy 0.6834	 Time(Iter) 0.1205
Epoch [49][60]	 Batch [300][332]	 Training Loss 0.6076	 Accuracy 0.6809	 Time(Iter) 0.1266
Epoch [49]	 Average training loss 0.6080	 Average training accuracy 0.6805
Epoch [49]	 Average validation loss 0.7271	 Average validation accuracy 0.5186
Testing...
0: The batch accuracy is 0.5234375.
Epoch [50][60]	 Batch [0][332]	 Training Loss 0.5438	 Accuracy 0.7656	 Time(Iter) 0.1174
Epoch [50][60]	 Batch [100][332]	 Training Loss 0.5758	 Accuracy 0.7215	 Time(Iter) 0.1209
Epoch [50][60]	 Batch [200][332]	 Training Loss 0.5819	 Accuracy 0.7147	 Time(Iter) 0.1189
Epoch [50][60]	 Batch [300][332]	 Training Loss 0.5867	 Accuracy 0.7081	 Time(Iter) 0.1149
Epoch [50]	 Average training loss 0.5877	 Average training accuracy 0.7068
Epoch [50]	 Average validation loss 0.7303	 Average validation accuracy 0.5267
Epoch [51][60]	 Batch [0][332]	 Training Loss 0.5966	 Accuracy 0.6797	 Time(Iter) 0.1190
Epoch [51][60]	 Batch [100][332]	 Training Loss 0.5567	 Accuracy 0.7416	 Time(Iter) 0.1185
Epoch [51][60]	 Batch [200][332]	 Training Loss 0.5622	 Accuracy 0.7359	 Time(Iter) 0.1365
Epoch [51][60]	 Batch [300][332]	 Training Loss 0.5671	 Accuracy 0.7295	 Time(Iter) 0.1158
Epoch [51]	 Average training loss 0.5677	 Average training accuracy 0.7288
Epoch [51]	 Average validation loss 0.7341	 Average validation accuracy 0.5252
Epoch [52][60]	 Batch [0][332]	 Training Loss 0.5230	 Accuracy 0.7812	 Time(Iter) 0.1174
Epoch [52][60]	 Batch [100][332]	 Training Loss 0.5344	 Accuracy 0.7648	 Time(Iter) 0.1225
Epoch [52][60]	 Batch [200][332]	 Training Loss 0.5395	 Accuracy 0.7616	 Time(Iter) 0.1184
Epoch [52][60]	 Batch [300][332]	 Training Loss 0.5459	 Accuracy 0.7537	 Time(Iter) 0.1312
Epoch [52]	 Average training loss 0.5477	 Average training accuracy 0.7520
Epoch [52]	 Average validation loss 0.7368	 Average validation accuracy 0.5174
Epoch [53][60]	 Batch [0][332]	 Training Loss 0.5276	 Accuracy 0.7656	 Time(Iter) 0.1184
Epoch [53][60]	 Batch [100][332]	 Training Loss 0.5187	 Accuracy 0.7840	 Time(Iter) 0.1199
Epoch [53][60]	 Batch [200][332]	 Training Loss 0.5199	 Accuracy 0.7821	 Time(Iter) 0.1184
Epoch [53][60]	 Batch [300][332]	 Training Loss 0.5270	 Accuracy 0.7743	 Time(Iter) 0.1207
Epoch [53]	 Average training loss 0.5271	 Average training accuracy 0.7742
Epoch [53]	 Average validation loss 0.7416	 Average validation accuracy 0.5181
Epoch [54][60]	 Batch [0][332]	 Training Loss 0.5455	 Accuracy 0.7500	 Time(Iter) 0.1328
Epoch [54][60]	 Batch [100][332]	 Training Loss 0.5052	 Accuracy 0.7985	 Time(Iter) 0.1183
Epoch [54][60]	 Batch [200][332]	 Training Loss 0.5072	 Accuracy 0.7963	 Time(Iter) 0.1200
Epoch [54][60]	 Batch [300][332]	 Training Loss 0.5090	 Accuracy 0.7942	 Time(Iter) 0.1144
Epoch [54]	 Average training loss 0.5111	 Average training accuracy 0.7916
Epoch [54]	 Average validation loss 0.7467	 Average validation accuracy 0.5076
Testing...
0: The batch accuracy is 0.5234375.
Epoch [55][60]	 Batch [0][332]	 Training Loss 0.4760	 Accuracy 0.8281	 Time(Iter) 0.1170
Epoch [55][60]	 Batch [100][332]	 Training Loss 0.4878	 Accuracy 0.8188	 Time(Iter) 0.1199
Epoch [55][60]	 Batch [200][332]	 Training Loss 0.4898	 Accuracy 0.8162	 Time(Iter) 0.1189
Epoch [55][60]	 Batch [300][332]	 Training Loss 0.4921	 Accuracy 0.8135	 Time(Iter) 0.1174
Epoch [55]	 Average training loss 0.4921	 Average training accuracy 0.8133
Epoch [55]	 Average validation loss 0.7535	 Average validation accuracy 0.5093
Epoch [56][60]	 Batch [0][332]	 Training Loss 0.5184	 Accuracy 0.7812	 Time(Iter) 0.1263
Epoch [56][60]	 Batch [100][332]	 Training Loss 0.4752	 Accuracy 0.8315	 Time(Iter) 0.1207
Epoch [56][60]	 Batch [200][332]	 Training Loss 0.4767	 Accuracy 0.8301	 Time(Iter) 0.1192
Epoch [56][60]	 Batch [300][332]	 Training Loss 0.4814	 Accuracy 0.8245	 Time(Iter) 0.1174
Epoch [56]	 Average training loss 0.4827	 Average training accuracy 0.8233
Epoch [56]	 Average validation loss 0.7593	 Average validation accuracy 0.5035
Epoch [57][60]	 Batch [0][332]	 Training Loss 0.4652	 Accuracy 0.8594	 Time(Iter) 0.1185
Epoch [57][60]	 Batch [100][332]	 Training Loss 0.4601	 Accuracy 0.8475	 Time(Iter) 0.1185
Epoch [57][60]	 Batch [200][332]	 Training Loss 0.4649	 Accuracy 0.8427	 Time(Iter) 0.1234
Epoch [57][60]	 Batch [300][332]	 Training Loss 0.4677	 Accuracy 0.8398	 Time(Iter) 0.1151
Epoch [57]	 Average training loss 0.4684	 Average training accuracy 0.8389
Epoch [57]	 Average validation loss 0.7544	 Average validation accuracy 0.5094
Epoch [58][60]	 Batch [0][332]	 Training Loss 0.4186	 Accuracy 0.9062	 Time(Iter) 0.1163
Epoch [58][60]	 Batch [100][332]	 Training Loss 0.4507	 Accuracy 0.8585	 Time(Iter) 0.1197
Epoch [58][60]	 Batch [200][332]	 Training Loss 0.4532	 Accuracy 0.8553	 Time(Iter) 0.1196
Epoch [58][60]	 Batch [300][332]	 Training Loss 0.4579	 Accuracy 0.8499	 Time(Iter) 0.1202
Epoch [58]	 Average training loss 0.4591	 Average training accuracy 0.8486
Epoch [58]	 Average validation loss 0.7612	 Average validation accuracy 0.5062
Epoch [59][60]	 Batch [0][332]	 Training Loss 0.4081	 Accuracy 0.9062	 Time(Iter) 0.1186
Epoch [59][60]	 Batch [100][332]	 Training Loss 0.4396	 Accuracy 0.8717	 Time(Iter) 0.1189
Epoch [59][60]	 Batch [200][332]	 Training Loss 0.4444	 Accuracy 0.8649	 Time(Iter) 0.1198
Epoch [59][60]	 Batch [300][332]	 Training Loss 0.4475	 Accuracy 0.8616	 Time(Iter) 0.1278
Epoch [59]	 Average training loss 0.4485	 Average training accuracy 0.8607
Epoch [59]	 Average validation loss 0.7624	 Average validation accuracy 0.5066
Testing...
0: The batch accuracy is 0.4921875.
Testing...
0: The batch accuracy is 0.5703125.
Drawing...
Draw Done
