using cuda device
dataset:Finance
model:resnet
loss is CrossEntropyLoss()
optimizer is Adam (
Parameter Group 0
    amsgrad: False
    betas: (0.9, 0.999)
    capturable: False
    differentiable: False
    eps: 1e-08
    foreach: None
    fused: None
    lr: 0.0003
    maximize: False
    weight_decay: 0.0001
)
Epoch [0][50]	 Batch [0][332]	 Training Loss 0.7578	 Accuracy 0.4844	 Time(Iter) 0.7916
Epoch [0][50]	 Batch [100][332]	 Training Loss 0.7463	 Accuracy 0.5129	 Time(Iter) 0.1242
Epoch [0][50]	 Batch [200][332]	 Training Loss 0.7476	 Accuracy 0.5077	 Time(Iter) 0.1206
Epoch [0][50]	 Batch [300][332]	 Training Loss 0.7482	 Accuracy 0.5070	 Time(Iter) 0.1235
Epoch [0]	 Average training loss 0.7483	 Average training accuracy 0.5073
Epoch [0]	 Average validation loss 0.7168	 Average validation accuracy 0.4055
Epoch [1][50]	 Batch [0][332]	 Training Loss 0.7240	 Accuracy 0.5391	 Time(Iter) 0.1259
Epoch [1][50]	 Batch [100][332]	 Training Loss 0.7516	 Accuracy 0.5060	 Time(Iter) 0.1186
Epoch [1][50]	 Batch [200][332]	 Training Loss 0.7532	 Accuracy 0.5019	 Time(Iter) 0.1181
Epoch [1][50]	 Batch [300][332]	 Training Loss 0.7512	 Accuracy 0.5041	 Time(Iter) 0.1161
Epoch [1]	 Average training loss 0.7512	 Average training accuracy 0.5035
Epoch [1]	 Average validation loss 0.7307	 Average validation accuracy 0.3826
Epoch [2][50]	 Batch [0][332]	 Training Loss 0.7718	 Accuracy 0.4766	 Time(Iter) 0.1145
Epoch [2][50]	 Batch [100][332]	 Training Loss 0.7466	 Accuracy 0.5104	 Time(Iter) 0.1116
Epoch [2][50]	 Batch [200][332]	 Training Loss 0.7474	 Accuracy 0.5073	 Time(Iter) 0.1132
Epoch [2][50]	 Batch [300][332]	 Training Loss 0.7443	 Accuracy 0.5067	 Time(Iter) 0.1099
Epoch [2]	 Average training loss 0.7439	 Average training accuracy 0.5073
Epoch [2]	 Average validation loss 0.6785	 Average validation accuracy 0.6234
Epoch [3][50]	 Batch [0][332]	 Training Loss 0.7430	 Accuracy 0.4766	 Time(Iter) 0.1164
Epoch [3][50]	 Batch [100][332]	 Training Loss 0.7359	 Accuracy 0.5071	 Time(Iter) 0.1142
Epoch [3][50]	 Batch [200][332]	 Training Loss 0.7357	 Accuracy 0.5055	 Time(Iter) 0.1176
Epoch [3][50]	 Batch [300][332]	 Training Loss 0.7342	 Accuracy 0.5049	 Time(Iter) 0.1178
Epoch [3]	 Average training loss 0.7339	 Average training accuracy 0.5047
Epoch [3]	 Average validation loss 0.6949	 Average validation accuracy 0.5841
Epoch [4][50]	 Batch [0][332]	 Training Loss 0.7647	 Accuracy 0.4766	 Time(Iter) 0.1215
Epoch [4][50]	 Batch [100][332]	 Training Loss 0.7256	 Accuracy 0.5053	 Time(Iter) 0.1117
Epoch [4][50]	 Batch [200][332]	 Training Loss 0.7230	 Accuracy 0.5059	 Time(Iter) 0.1113
Epoch [4][50]	 Batch [300][332]	 Training Loss 0.7227	 Accuracy 0.5057	 Time(Iter) 0.1199
Epoch [4]	 Average training loss 0.7220	 Average training accuracy 0.5066
Epoch [4]	 Average validation loss 0.6749	 Average validation accuracy 0.6062
Epoch [5][50]	 Batch [0][332]	 Training Loss 0.7301	 Accuracy 0.5078	 Time(Iter) 0.1164
Epoch [5][50]	 Batch [100][332]	 Training Loss 0.7240	 Accuracy 0.5027	 Time(Iter) 0.1210
Epoch [5][50]	 Batch [200][332]	 Training Loss 0.7213	 Accuracy 0.5009	 Time(Iter) 0.1218
Epoch [5][50]	 Batch [300][332]	 Training Loss 0.7194	 Accuracy 0.5033	 Time(Iter) 0.1173
Epoch [5]	 Average training loss 0.7189	 Average training accuracy 0.5034
Epoch [5]	 Average validation loss 0.6962	 Average validation accuracy 0.4732
Epoch [6][50]	 Batch [0][332]	 Training Loss 0.6819	 Accuracy 0.5859	 Time(Iter) 0.1188
Epoch [6][50]	 Batch [100][332]	 Training Loss 0.7158	 Accuracy 0.5068	 Time(Iter) 0.1172
Epoch [6][50]	 Batch [200][332]	 Training Loss 0.7149	 Accuracy 0.5036	 Time(Iter) 0.1244
Epoch [6][50]	 Batch [300][332]	 Training Loss 0.7137	 Accuracy 0.5038	 Time(Iter) 0.1211
Epoch [6]	 Average training loss 0.7134	 Average training accuracy 0.5030
Epoch [6]	 Average validation loss 0.6894	 Average validation accuracy 0.5695
Epoch [7][50]	 Batch [0][332]	 Training Loss 0.7029	 Accuracy 0.5547	 Time(Iter) 0.1192
Epoch [7][50]	 Batch [100][332]	 Training Loss 0.7106	 Accuracy 0.5085	 Time(Iter) 0.1101
Epoch [7][50]	 Batch [200][332]	 Training Loss 0.7097	 Accuracy 0.5107	 Time(Iter) 0.1178
Epoch [7][50]	 Batch [300][332]	 Training Loss 0.7103	 Accuracy 0.5078	 Time(Iter) 0.1240
Epoch [7]	 Average training loss 0.7103	 Average training accuracy 0.5072
Epoch [7]	 Average validation loss 0.6931	 Average validation accuracy 0.5229
Epoch [8][50]	 Batch [0][332]	 Training Loss 0.7087	 Accuracy 0.5625	 Time(Iter) 0.1296
Epoch [8][50]	 Batch [100][332]	 Training Loss 0.7117	 Accuracy 0.5036	 Time(Iter) 0.1191
Epoch [8][50]	 Batch [200][332]	 Training Loss 0.7110	 Accuracy 0.5024	 Time(Iter) 0.1153
Epoch [8][50]	 Batch [300][332]	 Training Loss 0.7115	 Accuracy 0.5001	 Time(Iter) 0.1149
Epoch [8]	 Average training loss 0.7110	 Average training accuracy 0.5005
Epoch [8]	 Average validation loss 0.6872	 Average validation accuracy 0.6023
Epoch [9][50]	 Batch [0][332]	 Training Loss 0.7018	 Accuracy 0.5391	 Time(Iter) 0.1155
Epoch [9][50]	 Batch [100][332]	 Training Loss 0.7100	 Accuracy 0.4972	 Time(Iter) 0.1145
Epoch [9][50]	 Batch [200][332]	 Training Loss 0.7082	 Accuracy 0.5029	 Time(Iter) 0.1129
Epoch [9][50]	 Batch [300][332]	 Training Loss 0.7082	 Accuracy 0.5007	 Time(Iter) 0.1222
Epoch [9]	 Average training loss 0.7079	 Average training accuracy 0.5010
Epoch [9]	 Average validation loss 0.7041	 Average validation accuracy 0.4232
Epoch [10][50]	 Batch [0][332]	 Training Loss 0.7334	 Accuracy 0.4375	 Time(Iter) 0.1233
Epoch [10][50]	 Batch [100][332]	 Training Loss 0.7077	 Accuracy 0.5036	 Time(Iter) 0.1277
Epoch [10][50]	 Batch [200][332]	 Training Loss 0.7072	 Accuracy 0.5034	 Time(Iter) 0.1251
Epoch [10][50]	 Batch [300][332]	 Training Loss 0.7070	 Accuracy 0.5046	 Time(Iter) 0.1252
Epoch [10]	 Average training loss 0.7070	 Average training accuracy 0.5055
Epoch [10]	 Average validation loss 0.6882	 Average validation accuracy 0.5917
Epoch [11][50]	 Batch [0][332]	 Training Loss 0.7080	 Accuracy 0.5391	 Time(Iter) 0.1189
Epoch [11][50]	 Batch [100][332]	 Training Loss 0.7056	 Accuracy 0.5040	 Time(Iter) 0.1186
Epoch [11][50]	 Batch [200][332]	 Training Loss 0.7054	 Accuracy 0.5047	 Time(Iter) 0.1195
Epoch [11][50]	 Batch [300][332]	 Training Loss 0.7053	 Accuracy 0.5038	 Time(Iter) 0.1164
Epoch [11]	 Average training loss 0.7048	 Average training accuracy 0.5051
Epoch [11]	 Average validation loss 0.6932	 Average validation accuracy 0.5401
Epoch [12][50]	 Batch [0][332]	 Training Loss 0.7109	 Accuracy 0.5391	 Time(Iter) 0.1196
Epoch [12][50]	 Batch [100][332]	 Training Loss 0.7065	 Accuracy 0.5025	 Time(Iter) 0.1220
Epoch [12][50]	 Batch [200][332]	 Training Loss 0.7041	 Accuracy 0.5073	 Time(Iter) 0.1311
Epoch [12][50]	 Batch [300][332]	 Training Loss 0.7050	 Accuracy 0.5036	 Time(Iter) 0.1191
Epoch [12]	 Average training loss 0.7045	 Average training accuracy 0.5063
Epoch [12]	 Average validation loss 0.6930	 Average validation accuracy 0.5161
Epoch [13][50]	 Batch [0][332]	 Training Loss 0.7257	 Accuracy 0.4219	 Time(Iter) 0.1237
Epoch [13][50]	 Batch [100][332]	 Training Loss 0.7045	 Accuracy 0.5033	 Time(Iter) 0.1172
Epoch [13][50]	 Batch [200][332]	 Training Loss 0.7056	 Accuracy 0.5009	 Time(Iter) 0.1209
Epoch [13][50]	 Batch [300][332]	 Training Loss 0.7045	 Accuracy 0.5036	 Time(Iter) 0.1229
Epoch [13]	 Average training loss 0.7045	 Average training accuracy 0.5026
Epoch [13]	 Average validation loss 0.6939	 Average validation accuracy 0.4344
Epoch [14][50]	 Batch [0][332]	 Training Loss 0.6986	 Accuracy 0.5391	 Time(Iter) 0.1215
Epoch [14][50]	 Batch [100][332]	 Training Loss 0.7045	 Accuracy 0.5070	 Time(Iter) 0.1296
Epoch [14][50]	 Batch [200][332]	 Training Loss 0.7037	 Accuracy 0.5068	 Time(Iter) 0.1385
Epoch [14][50]	 Batch [300][332]	 Training Loss 0.7029	 Accuracy 0.5077	 Time(Iter) 0.1225
Epoch [14]	 Average training loss 0.7027	 Average training accuracy 0.5090
Epoch [14]	 Average validation loss 0.6882	 Average validation accuracy 0.5667
Epoch [15][50]	 Batch [0][332]	 Training Loss 0.7045	 Accuracy 0.5391	 Time(Iter) 0.1192
Epoch [15][50]	 Batch [100][332]	 Training Loss 0.7045	 Accuracy 0.5080	 Time(Iter) 0.1457
Epoch [15][50]	 Batch [200][332]	 Training Loss 0.7027	 Accuracy 0.5070	 Time(Iter) 0.1307
Epoch [15][50]	 Batch [300][332]	 Training Loss 0.7020	 Accuracy 0.5077	 Time(Iter) 0.1244
Epoch [15]	 Average training loss 0.7024	 Average training accuracy 0.5062
Epoch [15]	 Average validation loss 0.6870	 Average validation accuracy 0.5474
Epoch [16][50]	 Batch [0][332]	 Training Loss 0.6903	 Accuracy 0.5391	 Time(Iter) 0.1189
Epoch [16][50]	 Batch [100][332]	 Training Loss 0.6990	 Accuracy 0.5125	 Time(Iter) 0.1340
Epoch [16][50]	 Batch [200][332]	 Training Loss 0.7004	 Accuracy 0.5134	 Time(Iter) 0.1254
Epoch [16][50]	 Batch [300][332]	 Training Loss 0.7019	 Accuracy 0.5076	 Time(Iter) 0.1273
Epoch [16]	 Average training loss 0.7021	 Average training accuracy 0.5066
Epoch [16]	 Average validation loss 0.6909	 Average validation accuracy 0.5885
Epoch [17][50]	 Batch [0][332]	 Training Loss 0.7123	 Accuracy 0.4844	 Time(Iter) 0.1208
Epoch [17][50]	 Batch [100][332]	 Training Loss 0.7006	 Accuracy 0.5104	 Time(Iter) 0.1277
Epoch [17][50]	 Batch [200][332]	 Training Loss 0.7004	 Accuracy 0.5065	 Time(Iter) 0.1309
Epoch [17][50]	 Batch [300][332]	 Training Loss 0.7004	 Accuracy 0.5047	 Time(Iter) 0.1252
Epoch [17]	 Average training loss 0.7000	 Average training accuracy 0.5058
Epoch [17]	 Average validation loss 0.6857	 Average validation accuracy 0.5656
Epoch [18][50]	 Batch [0][332]	 Training Loss 0.7152	 Accuracy 0.5156	 Time(Iter) 0.1287
Epoch [18][50]	 Batch [100][332]	 Training Loss 0.6971	 Accuracy 0.5145	 Time(Iter) 0.1249
Epoch [18][50]	 Batch [200][332]	 Training Loss 0.6972	 Accuracy 0.5114	 Time(Iter) 0.1304
Epoch [18][50]	 Batch [300][332]	 Training Loss 0.6967	 Accuracy 0.5120	 Time(Iter) 0.1403
Epoch [18]	 Average training loss 0.6963	 Average training accuracy 0.5136
Epoch [18]	 Average validation loss 0.6873	 Average validation accuracy 0.6042
Epoch [19][50]	 Batch [0][332]	 Training Loss 0.6952	 Accuracy 0.5078	 Time(Iter) 0.1246
Epoch [19][50]	 Batch [100][332]	 Training Loss 0.6950	 Accuracy 0.5134	 Time(Iter) 0.1320
Epoch [19][50]	 Batch [200][332]	 Training Loss 0.6949	 Accuracy 0.5110	 Time(Iter) 0.1275
Epoch [19][50]	 Batch [300][332]	 Training Loss 0.6949	 Accuracy 0.5095	 Time(Iter) 0.1304
Epoch [19]	 Average training loss 0.6949	 Average training accuracy 0.5096
Epoch [19]	 Average validation loss 0.6883	 Average validation accuracy 0.5930
Epoch [20][50]	 Batch [0][332]	 Training Loss 0.6953	 Accuracy 0.5234	 Time(Iter) 0.1276
Epoch [20][50]	 Batch [100][332]	 Training Loss 0.6942	 Accuracy 0.5111	 Time(Iter) 0.1184
Epoch [20][50]	 Batch [200][332]	 Training Loss 0.6937	 Accuracy 0.5144	 Time(Iter) 0.1356
Epoch [20][50]	 Batch [300][332]	 Training Loss 0.6934	 Accuracy 0.5153	 Time(Iter) 0.1257
Epoch [20]	 Average training loss 0.6934	 Average training accuracy 0.5157
Epoch [20]	 Average validation loss 0.6934	 Average validation accuracy 0.4961
Epoch [21][50]	 Batch [0][332]	 Training Loss 0.6910	 Accuracy 0.5781	 Time(Iter) 0.1198
Epoch [21][50]	 Batch [100][332]	 Training Loss 0.6933	 Accuracy 0.5104	 Time(Iter) 0.1271
Epoch [21][50]	 Batch [200][332]	 Training Loss 0.6933	 Accuracy 0.5104	 Time(Iter) 0.1305
Epoch [21][50]	 Batch [300][332]	 Training Loss 0.6935	 Accuracy 0.5104	 Time(Iter) 0.1293
Epoch [21]	 Average training loss 0.6934	 Average training accuracy 0.5107
Epoch [21]	 Average validation loss 0.6935	 Average validation accuracy 0.5411
Epoch [22][50]	 Batch [0][332]	 Training Loss 0.6950	 Accuracy 0.5391	 Time(Iter) 0.1204
Epoch [22][50]	 Batch [100][332]	 Training Loss 0.6935	 Accuracy 0.5130	 Time(Iter) 0.1267
Epoch [22][50]	 Batch [200][332]	 Training Loss 0.6934	 Accuracy 0.5146	 Time(Iter) 0.1309
Epoch [22][50]	 Batch [300][332]	 Training Loss 0.6935	 Accuracy 0.5130	 Time(Iter) 0.1275
Epoch [22]	 Average training loss 0.6934	 Average training accuracy 0.5129
Epoch [22]	 Average validation loss 0.7010	 Average validation accuracy 0.4706
Epoch [23][50]	 Batch [0][332]	 Training Loss 0.6837	 Accuracy 0.4922	 Time(Iter) 0.1200
Epoch [23][50]	 Batch [100][332]	 Training Loss 0.6936	 Accuracy 0.5072	 Time(Iter) 0.1249
Epoch [23][50]	 Batch [200][332]	 Training Loss 0.6932	 Accuracy 0.5129	 Time(Iter) 0.1268
Epoch [23][50]	 Batch [300][332]	 Training Loss 0.6932	 Accuracy 0.5137	 Time(Iter) 0.1286
Epoch [23]	 Average training loss 0.6931	 Average training accuracy 0.5151
Epoch [23]	 Average validation loss 0.7086	 Average validation accuracy 0.4828
Epoch [24][50]	 Batch [0][332]	 Training Loss 0.6989	 Accuracy 0.4766	 Time(Iter) 0.1211
Epoch [24][50]	 Batch [100][332]	 Training Loss 0.6924	 Accuracy 0.5161	 Time(Iter) 0.1461
Epoch [24][50]	 Batch [200][332]	 Training Loss 0.6926	 Accuracy 0.5183	 Time(Iter) 0.1233
Epoch [24][50]	 Batch [300][332]	 Training Loss 0.6930	 Accuracy 0.5144	 Time(Iter) 0.1259
Epoch [24]	 Average training loss 0.6930	 Average training accuracy 0.5141
Epoch [24]	 Average validation loss 0.6924	 Average validation accuracy 0.6023
Epoch [25][50]	 Batch [0][332]	 Training Loss 0.6920	 Accuracy 0.5078	 Time(Iter) 0.1316
Epoch [25][50]	 Batch [100][332]	 Training Loss 0.6922	 Accuracy 0.5159	 Time(Iter) 0.1394
Epoch [25][50]	 Batch [200][332]	 Training Loss 0.6926	 Accuracy 0.5143	 Time(Iter) 0.1235
Epoch [25][50]	 Batch [300][332]	 Training Loss 0.6929	 Accuracy 0.5115	 Time(Iter) 0.1191
Epoch [25]	 Average training loss 0.6928	 Average training accuracy 0.5130
Epoch [25]	 Average validation loss 0.6981	 Average validation accuracy 0.5229
Epoch [26][50]	 Batch [0][332]	 Training Loss 0.7004	 Accuracy 0.4844	 Time(Iter) 0.1255
Epoch [26][50]	 Batch [100][332]	 Training Loss 0.6938	 Accuracy 0.5105	 Time(Iter) 0.1214
Epoch [26][50]	 Batch [200][332]	 Training Loss 0.6933	 Accuracy 0.5136	 Time(Iter) 0.1222
Epoch [26][50]	 Batch [300][332]	 Training Loss 0.6932	 Accuracy 0.5135	 Time(Iter) 0.1191
Epoch [26]	 Average training loss 0.6933	 Average training accuracy 0.5129
Epoch [26]	 Average validation loss 0.7071	 Average validation accuracy 0.4688
Epoch [27][50]	 Batch [0][332]	 Training Loss 0.6871	 Accuracy 0.5078	 Time(Iter) 0.1167
Epoch [27][50]	 Batch [100][332]	 Training Loss 0.6932	 Accuracy 0.5084	 Time(Iter) 0.1384
Epoch [27][50]	 Batch [200][332]	 Training Loss 0.6929	 Accuracy 0.5134	 Time(Iter) 0.1234
Epoch [27][50]	 Batch [300][332]	 Training Loss 0.6926	 Accuracy 0.5157	 Time(Iter) 0.1175
Epoch [27]	 Average training loss 0.6926	 Average training accuracy 0.5163
Epoch [27]	 Average validation loss 0.6999	 Average validation accuracy 0.4544
Epoch [28][50]	 Batch [0][332]	 Training Loss 0.6883	 Accuracy 0.5703	 Time(Iter) 0.1239
Epoch [28][50]	 Batch [100][332]	 Training Loss 0.6930	 Accuracy 0.5180	 Time(Iter) 0.1291
Epoch [28][50]	 Batch [200][332]	 Training Loss 0.6930	 Accuracy 0.5150	 Time(Iter) 0.1295
Epoch [28][50]	 Batch [300][332]	 Training Loss 0.6929	 Accuracy 0.5169	 Time(Iter) 0.1257
Epoch [28]	 Average training loss 0.6929	 Average training accuracy 0.5167
Epoch [28]	 Average validation loss 0.6938	 Average validation accuracy 0.5568
Epoch [29][50]	 Batch [0][332]	 Training Loss 0.6872	 Accuracy 0.5625	 Time(Iter) 0.1210
Epoch [29][50]	 Batch [100][332]	 Training Loss 0.6921	 Accuracy 0.5220	 Time(Iter) 0.1209
Epoch [29][50]	 Batch [200][332]	 Training Loss 0.6924	 Accuracy 0.5204	 Time(Iter) 0.1350
Epoch [29][50]	 Batch [300][332]	 Training Loss 0.6927	 Accuracy 0.5186	 Time(Iter) 0.1504
Epoch [29]	 Average training loss 0.6926	 Average training accuracy 0.5191
Epoch [29]	 Average validation loss 0.6971	 Average validation accuracy 0.5005
Epoch [30][50]	 Batch [0][332]	 Training Loss 0.6878	 Accuracy 0.5469	 Time(Iter) 0.1219
Epoch [30][50]	 Batch [100][332]	 Training Loss 0.6916	 Accuracy 0.5193	 Time(Iter) 0.1336
Epoch [30][50]	 Batch [200][332]	 Training Loss 0.6915	 Accuracy 0.5196	 Time(Iter) 0.1359
Epoch [30][50]	 Batch [300][332]	 Training Loss 0.6919	 Accuracy 0.5175	 Time(Iter) 0.1439
Epoch [30]	 Average training loss 0.6920	 Average training accuracy 0.5165
Epoch [30]	 Average validation loss 0.7071	 Average validation accuracy 0.4227
Epoch [31][50]	 Batch [0][332]	 Training Loss 0.6927	 Accuracy 0.5156	 Time(Iter) 0.1243
Epoch [31][50]	 Batch [100][332]	 Training Loss 0.6924	 Accuracy 0.5212	 Time(Iter) 0.1432
Epoch [31][50]	 Batch [200][332]	 Training Loss 0.6926	 Accuracy 0.5182	 Time(Iter) 0.1375
Epoch [31][50]	 Batch [300][332]	 Training Loss 0.6928	 Accuracy 0.5158	 Time(Iter) 0.1139
Epoch [31]	 Average training loss 0.6927	 Average training accuracy 0.5154
Epoch [31]	 Average validation loss 0.6975	 Average validation accuracy 0.4966
Epoch [32][50]	 Batch [0][332]	 Training Loss 0.6835	 Accuracy 0.5234	 Time(Iter) 0.1245
Epoch [32][50]	 Batch [100][332]	 Training Loss 0.6909	 Accuracy 0.5209	 Time(Iter) 0.1173
Epoch [32][50]	 Batch [200][332]	 Training Loss 0.6918	 Accuracy 0.5193	 Time(Iter) 0.1211
Epoch [32][50]	 Batch [300][332]	 Training Loss 0.6920	 Accuracy 0.5186	 Time(Iter) 0.1242
Epoch [32]	 Average training loss 0.6922	 Average training accuracy 0.5177
Epoch [32]	 Average validation loss 0.7084	 Average validation accuracy 0.4633
Epoch [33][50]	 Batch [0][332]	 Training Loss 0.6952	 Accuracy 0.5312	 Time(Iter) 0.1203
Epoch [33][50]	 Batch [100][332]	 Training Loss 0.6917	 Accuracy 0.5231	 Time(Iter) 0.1223
Epoch [33][50]	 Batch [200][332]	 Training Loss 0.6915	 Accuracy 0.5271	 Time(Iter) 0.1268
Epoch [33][50]	 Batch [300][332]	 Training Loss 0.6917	 Accuracy 0.5235	 Time(Iter) 0.1327
Epoch [33]	 Average training loss 0.6917	 Average training accuracy 0.5233
Epoch [33]	 Average validation loss 0.7075	 Average validation accuracy 0.4477
Epoch [34][50]	 Batch [0][332]	 Training Loss 0.6994	 Accuracy 0.5312	 Time(Iter) 0.1226
Epoch [34][50]	 Batch [100][332]	 Training Loss 0.6908	 Accuracy 0.5244	 Time(Iter) 0.1459
Epoch [34][50]	 Batch [200][332]	 Training Loss 0.6912	 Accuracy 0.5253	 Time(Iter) 0.1422
Epoch [34][50]	 Batch [300][332]	 Training Loss 0.6914	 Accuracy 0.5247	 Time(Iter) 0.1279
Epoch [34]	 Average training loss 0.6915	 Average training accuracy 0.5247
Epoch [34]	 Average validation loss 0.7016	 Average validation accuracy 0.5104
Epoch [35][50]	 Batch [0][332]	 Training Loss 0.6929	 Accuracy 0.5312	 Time(Iter) 0.1184
Epoch [35][50]	 Batch [100][332]	 Training Loss 0.6890	 Accuracy 0.5393	 Time(Iter) 0.1226
Epoch [35][50]	 Batch [200][332]	 Training Loss 0.6901	 Accuracy 0.5297	 Time(Iter) 0.1192
Epoch [35][50]	 Batch [300][332]	 Training Loss 0.6904	 Accuracy 0.5281	 Time(Iter) 0.1127
Epoch [35]	 Average training loss 0.6905	 Average training accuracy 0.5287
Epoch [35]	 Average validation loss 0.6984	 Average validation accuracy 0.5031
Epoch [36][50]	 Batch [0][332]	 Training Loss 0.6854	 Accuracy 0.5469	 Time(Iter) 0.1268
Epoch [36][50]	 Batch [100][332]	 Training Loss 0.6873	 Accuracy 0.5419	 Time(Iter) 0.1187
Epoch [36][50]	 Batch [200][332]	 Training Loss 0.6887	 Accuracy 0.5366	 Time(Iter) 0.1320
Epoch [36][50]	 Batch [300][332]	 Training Loss 0.6892	 Accuracy 0.5355	 Time(Iter) 0.1196
Epoch [36]	 Average training loss 0.6893	 Average training accuracy 0.5351
Epoch [36]	 Average validation loss 0.6972	 Average validation accuracy 0.5195
Epoch [37][50]	 Batch [0][332]	 Training Loss 0.6806	 Accuracy 0.5781	 Time(Iter) 0.1216
Epoch [37][50]	 Batch [100][332]	 Training Loss 0.6877	 Accuracy 0.5386	 Time(Iter) 0.1323
Epoch [37][50]	 Batch [200][332]	 Training Loss 0.6877	 Accuracy 0.5398	 Time(Iter) 0.1247
Epoch [37][50]	 Batch [300][332]	 Training Loss 0.6882	 Accuracy 0.5382	 Time(Iter) 0.1278
Epoch [37]	 Average training loss 0.6882	 Average training accuracy 0.5384
Epoch [37]	 Average validation loss 0.6963	 Average validation accuracy 0.5206
Epoch [38][50]	 Batch [0][332]	 Training Loss 0.6779	 Accuracy 0.5625	 Time(Iter) 0.1187
Epoch [38][50]	 Batch [100][332]	 Training Loss 0.6855	 Accuracy 0.5484	 Time(Iter) 0.1270
Epoch [38][50]	 Batch [200][332]	 Training Loss 0.6862	 Accuracy 0.5467	 Time(Iter) 0.1406
Epoch [38][50]	 Batch [300][332]	 Training Loss 0.6862	 Accuracy 0.5457	 Time(Iter) 0.1248
Epoch [38]	 Average training loss 0.6864	 Average training accuracy 0.5448
Epoch [38]	 Average validation loss 0.6943	 Average validation accuracy 0.4961
Epoch [39][50]	 Batch [0][332]	 Training Loss 0.6756	 Accuracy 0.5469	 Time(Iter) 0.1206
Epoch [39][50]	 Batch [100][332]	 Training Loss 0.6839	 Accuracy 0.5548	 Time(Iter) 0.1213
Epoch [39][50]	 Batch [200][332]	 Training Loss 0.6835	 Accuracy 0.5537	 Time(Iter) 0.1269
Epoch [39][50]	 Batch [300][332]	 Training Loss 0.6834	 Accuracy 0.5544	 Time(Iter) 0.1218
Epoch [39]	 Average training loss 0.6832	 Average training accuracy 0.5550
Epoch [39]	 Average validation loss 0.6898	 Average validation accuracy 0.5216
Epoch [40][50]	 Batch [0][332]	 Training Loss 0.6711	 Accuracy 0.6016	 Time(Iter) 0.1191
Epoch [40][50]	 Batch [100][332]	 Training Loss 0.6796	 Accuracy 0.5631	 Time(Iter) 0.1230
Epoch [40][50]	 Batch [200][332]	 Training Loss 0.6803	 Accuracy 0.5624	 Time(Iter) 0.1279
Epoch [40][50]	 Batch [300][332]	 Training Loss 0.6801	 Accuracy 0.5628	 Time(Iter) 0.1358
Epoch [40]	 Average training loss 0.6801	 Average training accuracy 0.5624
Epoch [40]	 Average validation loss 0.6981	 Average validation accuracy 0.5318
Epoch [41][50]	 Batch [0][332]	 Training Loss 0.6596	 Accuracy 0.5312	 Time(Iter) 0.1204
Epoch [41][50]	 Batch [100][332]	 Training Loss 0.6704	 Accuracy 0.5817	 Time(Iter) 0.1242
Epoch [41][50]	 Batch [200][332]	 Training Loss 0.6725	 Accuracy 0.5787	 Time(Iter) 0.1309
Epoch [41][50]	 Batch [300][332]	 Training Loss 0.6741	 Accuracy 0.5766	 Time(Iter) 0.1141
Epoch [41]	 Average training loss 0.6747	 Average training accuracy 0.5759
Epoch [41]	 Average validation loss 0.6964	 Average validation accuracy 0.5318
Epoch [42][50]	 Batch [0][332]	 Training Loss 0.6685	 Accuracy 0.6016	 Time(Iter) 0.1208
Epoch [42][50]	 Batch [100][332]	 Training Loss 0.6661	 Accuracy 0.5916	 Time(Iter) 0.1242
Epoch [42][50]	 Batch [200][332]	 Training Loss 0.6690	 Accuracy 0.5835	 Time(Iter) 0.1277
Epoch [42][50]	 Batch [300][332]	 Training Loss 0.6690	 Accuracy 0.5838	 Time(Iter) 0.1278
Epoch [42]	 Average training loss 0.6693	 Average training accuracy 0.5833
Epoch [42]	 Average validation loss 0.7045	 Average validation accuracy 0.5044
Epoch [43][50]	 Batch [0][332]	 Training Loss 0.6553	 Accuracy 0.6172	 Time(Iter) 0.1181
Epoch [43][50]	 Batch [100][332]	 Training Loss 0.6537	 Accuracy 0.6170	 Time(Iter) 0.1230
Epoch [43][50]	 Batch [200][332]	 Training Loss 0.6571	 Accuracy 0.6091	 Time(Iter) 0.1293
Epoch [43][50]	 Batch [300][332]	 Training Loss 0.6598	 Accuracy 0.6045	 Time(Iter) 0.1286
Epoch [43]	 Average training loss 0.6603	 Average training accuracy 0.6031
Epoch [43]	 Average validation loss 0.7049	 Average validation accuracy 0.5094
Epoch [44][50]	 Batch [0][332]	 Training Loss 0.6551	 Accuracy 0.6016	 Time(Iter) 0.1180
Epoch [44][50]	 Batch [100][332]	 Training Loss 0.6453	 Accuracy 0.6290	 Time(Iter) 0.1137
Epoch [44][50]	 Batch [200][332]	 Training Loss 0.6472	 Accuracy 0.6272	 Time(Iter) 0.1251
Epoch [44][50]	 Batch [300][332]	 Training Loss 0.6487	 Accuracy 0.6239	 Time(Iter) 0.1183
Epoch [44]	 Average training loss 0.6488	 Average training accuracy 0.6231
Epoch [44]	 Average validation loss 0.7147	 Average validation accuracy 0.4813
Epoch [45][50]	 Batch [0][332]	 Training Loss 0.5940	 Accuracy 0.7422	 Time(Iter) 0.1206
Epoch [45][50]	 Batch [100][332]	 Training Loss 0.6282	 Accuracy 0.6577	 Time(Iter) 0.1235
Epoch [45][50]	 Batch [200][332]	 Training Loss 0.6332	 Accuracy 0.6472	 Time(Iter) 0.1351
Epoch [45][50]	 Batch [300][332]	 Training Loss 0.6357	 Accuracy 0.6431	 Time(Iter) 0.1212
Epoch [45]	 Average training loss 0.6352	 Average training accuracy 0.6436
Epoch [45]	 Average validation loss 0.7322	 Average validation accuracy 0.5005
Epoch [46][50]	 Batch [0][332]	 Training Loss 0.6212	 Accuracy 0.6719	 Time(Iter) 0.1176
Epoch [46][50]	 Batch [100][332]	 Training Loss 0.6115	 Accuracy 0.6757	 Time(Iter) 0.1198
Epoch [46][50]	 Batch [200][332]	 Training Loss 0.6147	 Accuracy 0.6725	 Time(Iter) 0.1358
Epoch [46][50]	 Batch [300][332]	 Training Loss 0.6185	 Accuracy 0.6675	 Time(Iter) 0.1258
Epoch [46]	 Average training loss 0.6189	 Average training accuracy 0.6667
Epoch [46]	 Average validation loss 0.7392	 Average validation accuracy 0.4612
Epoch [47][50]	 Batch [0][332]	 Training Loss 0.5738	 Accuracy 0.7188	 Time(Iter) 0.1241
Epoch [47][50]	 Batch [100][332]	 Training Loss 0.5898	 Accuracy 0.7039	 Time(Iter) 0.1164
Epoch [47][50]	 Batch [200][332]	 Training Loss 0.5931	 Accuracy 0.6999	 Time(Iter) 0.1224
Epoch [47][50]	 Batch [300][332]	 Training Loss 0.5971	 Accuracy 0.6945	 Time(Iter) 0.1349
Epoch [47]	 Average training loss 0.5985	 Average training accuracy 0.6923
Epoch [47]	 Average validation loss 0.7218	 Average validation accuracy 0.4956
Epoch [48][50]	 Batch [0][332]	 Training Loss 0.5660	 Accuracy 0.7656	 Time(Iter) 0.1229
Epoch [48][50]	 Batch [100][332]	 Training Loss 0.5683	 Accuracy 0.7304	 Time(Iter) 0.1163
Epoch [48][50]	 Batch [200][332]	 Training Loss 0.5720	 Accuracy 0.7252	 Time(Iter) 0.1299
Epoch [48][50]	 Batch [300][332]	 Training Loss 0.5770	 Accuracy 0.7198	 Time(Iter) 0.1246
Epoch [48]	 Average training loss 0.5780	 Average training accuracy 0.7186
Epoch [48]	 Average validation loss 0.7570	 Average validation accuracy 0.4990
Epoch [49][50]	 Batch [0][332]	 Training Loss 0.5028	 Accuracy 0.8281	 Time(Iter) 0.1210
Epoch [49][50]	 Batch [100][332]	 Training Loss 0.5475	 Accuracy 0.7532	 Time(Iter) 0.1166
Epoch [49][50]	 Batch [200][332]	 Training Loss 0.5514	 Accuracy 0.7483	 Time(Iter) 0.1282
Epoch [49][50]	 Batch [300][332]	 Training Loss 0.5563	 Accuracy 0.7417	 Time(Iter) 0.1221
Epoch [49]	 Average training loss 0.5582	 Average training accuracy 0.7392
Epoch [49]	 Average validation loss 0.7321	 Average validation accuracy 0.5289
Testing...
0: The batch accuracy is 0.6015625.
Drawing...
Draw Done
